<testsuites id="" name="" tests="1" failures="0" skipped="0" errors="0" time="52.652916999999995">
<testsuite name="ecommerce.spec.ts" timestamp="2026-02-02T19:58:16.115Z" hostname="chromium" tests="1" failures="0" skipped="0" time="50.978" errors="0">
<testcase name="Complete E-Commerce Automation › End-to-End E-Commerce Flow - Single Browser Session" classname="ecommerce.spec.ts" time="50.978">
<system-out>
<![CDATA[🚀 Starting Complete E-Commerce Journey...
📍 Step 1: Navigating to Home Page...
✅ Home page loaded successfully
🔐 Step 2: Navigating to Login/Signup Page...
✅ Login/Signup page loaded
🔑 Step 3: Attempting User Login...
✅ User logged in successfully
🔍 Step 4: Searching for Product...
✅ Product search completed successfully
👁️ Step 5: Viewing Product Details...
✅ Product details page loaded
🛒 Step 6: Adding Product to Cart...
✅ Product added to cart
🛍️ Step 7: Viewing Cart...
✅ Cart page loaded
💳 Step 8: Proceeding to Checkout...
⚠️ Checkout page verification failed, but continuing...
Current URL: https://automationexercise.com/checkout
📝 Step 9: Adding Comment and Placing Order...
✅ Order placed, payment page loaded
💰 Step 10: Processing Payment...
✅ Payment details submitted
🎉 Step 11: Verifying Order Success...
🎊 ORDER COMPLETED SUCCESSFULLY! 🎊
Success Message: Congratulations! Your order has been confirmed!
✅ Complete E-Commerce journey finished in single browser session!
📸 All screenshots saved in test-results folder
📈 Test completed - Check Extent report for details
📊 Extent Report generated: test-results/extent-report.html

[[ATTACHMENT|ecommerce-Complete-E-Comme-c6ab6-ow---Single-Browser-Session-chromium\test-finished-1.png]]
]]>
</system-out>
</testcase>
</testsuite>
</testsuites>